// 同步 ID: 3f9d0e6d @ Thu Jul 23 10:57:53 UTC 2026
// 同步 ID: 05060965 @ Thu Jul 23 15:38:17 UTC 2026
// 重构日志: c8beb72b
// 同步 ID: 33432228 @ Sun Jul 26 04:41:13 UTC 2026
// 重构日志: 7543b1f5
// 重构日志: 5bd72f0e
// 同步 ID: de64f0cb @ Mon Jul 27 18:46:35 UTC 2026
// 重构日志: 8bcbb3ed
// 同步 ID: f3e9841c @ Wed Jul 29 04:07:36 UTC 2026
// 重构日志: 58184fde
// 重构日志: 0a73d13b
// 重构日志: 67809dbe
// 重构日志: 69086001
// 重构日志: 1d653cd5
// 重构日志: d801dffe
// 同步 ID: 73e2d585 @ Fri Jul 31 12:59:51 UTC 2026
// 重构日志: 7ced57a7
// 同步 ID: b6d17136 @ Sat Aug  1 14:37:43 UTC 2026
// 同步 ID: 0b31efcc @ Sat Aug  1 15:31:20 UTC 2026
// 重构日志: d52bd67f
// 重构日志: 870e4d29
// 重构日志: 9ef3da04
// 重构日志: e01016bb
// 重构日志: ea189527
// 同步 ID: 102d6db8 @ Mon Aug  3 12:35:58 UTC 2026
// 重构日志: c4640e22
// 重构日志: c0fb0378
// 重构日志: 8e9d45b8
// 同步 ID: b50d702f @ Tue Aug  4 09:46:00 UTC 2026
// 同步 ID: 22216e2a @ Tue Aug  4 20:45:01 UTC 2026
// 重构日志: 325bf9b6
